SET client_min_messages TO WARNING;
\set ECHO none
                  the_geom                  |            h            |           hpop           |     dist
--------------------------------------------+-------------------------+--------------------------+---------------
 01010000001361C3D32B650140DD24068195B34440 |  1.51078258364442906811 |  12.08626066915543254492 | 4964.71445918
 01010000002497FF907EFB0040713D0AD7A3B04440 | 98.29730954188030446151 | 688.08116679316213123058 |   99.95514192
 0101000000A167B3EA733501401D5A643BDFAF4440 | 63.70532894705201858635 | 382.23197368231211151808 | 2488.33056652
 010100000062A1D634EF380140BE9F1A2FDDB44440 | 35.35415870089041483312 | 176.77079350445207416562 | 4359.37046061
 010100000052B81E85EB510140355EBA490CB24440 | 33.12290506980103110470 | 132.49162027920412441880 | 3703.66444985
 0101000000C286A757CA320140736891ED7CAF4440 | 65.45251754269189849135 | 196.35755262807569547404 | 2512.09235866
 01010000007DD0B359F5390140C976BE9F1AAF4440 | 62.83927792460778869550 | 125.67855584921557739101 | 2926.25725246
 0101000000D237691A140D01407E6FD39FFDB44440 | 53.54905726665024972591 |  53.54905726665024972591 | 3744.51557778
(8 rows)

