SET client_min_messages TO WARNING;
\set ECHO none
          nn          |           nni            |       idw
----------------------+--------------------------+-----------------
 200.0000000000000000 | 238.41059602632179224595 | 341.46260750526
(1 row)

